D:\Projekty BER\Panasonic_LinkaPowerCP2_A2021055\Temp\Includes\AS_TempDecl\Config2\GlobalComponents\MpComponents.var
D:\Projekty BER\Panasonic_LinkaPowerCP2_A2021055\Logical\Global.typ
D:\Projekty BER\Panasonic_LinkaPowerCP2_A2021055\Logical\Global.var
D:\Projekty BER\Panasonic_LinkaPowerCP2_A2021055\Logical\Libraries\Runtime\runtime.fun
D:\Projekty BER\Panasonic_LinkaPowerCP2_A2021055\Logical\Libraries\Runtime\runtime.typ
D:\Projekty BER\Panasonic_LinkaPowerCP2_A2021055\Logical\Libraries\Runtime\runtime.var
D:\Projekty BER\Panasonic_LinkaPowerCP2_A2021055\Logical\Libraries\Operator\operator.fun
D:\Projekty BER\Panasonic_LinkaPowerCP2_A2021055\Logical\Libraries\Operator\operator.typ
D:\Projekty BER\Panasonic_LinkaPowerCP2_A2021055\Logical\Libraries\Operator\operator.var
D:\Projekty BER\Panasonic_LinkaPowerCP2_A2021055\Logical\Libraries\AsIecCon\AsIecCon.fun
D:\Projekty BER\Panasonic_LinkaPowerCP2_A2021055\Logical\Libraries\AsIecCon\AsIecCon.typ
D:\Projekty BER\Panasonic_LinkaPowerCP2_A2021055\Logical\Libraries\AsIecCon\AsIecCon.var
D:\Projekty BER\Panasonic_LinkaPowerCP2_A2021055\Logical\Libraries\astime\astime.fun
D:\Projekty BER\Panasonic_LinkaPowerCP2_A2021055\Logical\Libraries\astime\astime.typ
D:\Projekty BER\Panasonic_LinkaPowerCP2_A2021055\Logical\Libraries\astime\astime.var
D:\Projekty BER\Panasonic_LinkaPowerCP2_A2021055\Logical\Libraries\standard\standard.fun
D:\Projekty BER\Panasonic_LinkaPowerCP2_A2021055\Logical\Libraries\standard\standard.typ
D:\Projekty BER\Panasonic_LinkaPowerCP2_A2021055\Logical\Libraries\standard\standard.var
D:\Projekty BER\Panasonic_LinkaPowerCP2_A2021055\Logical\Libraries\AsBrStr\AsBrStr.fun
D:\Projekty BER\Panasonic_LinkaPowerCP2_A2021055\Logical\Libraries\AsBrStr\AsBrStr.typ
D:\Projekty BER\Panasonic_LinkaPowerCP2_A2021055\Logical\Libraries\AsBrStr\AsBrStr.var
D:\Projekty BER\Panasonic_LinkaPowerCP2_A2021055\Logical\Libraries\FileIO\FileIO.fun
D:\Projekty BER\Panasonic_LinkaPowerCP2_A2021055\Logical\Libraries\FileIO\FileIO.typ
D:\Projekty BER\Panasonic_LinkaPowerCP2_A2021055\Logical\Libraries\FileIO\FileIO.var
D:\Projekty BER\Panasonic_LinkaPowerCP2_A2021055\Logical\Libraries\IecCheck\IecCheck.fun
D:\Projekty BER\Panasonic_LinkaPowerCP2_A2021055\Logical\Libraries\sys_lib\sys_lib.fun
D:\Projekty BER\Panasonic_LinkaPowerCP2_A2021055\Logical\Libraries\sys_lib\sys_lib.typ
D:\Projekty BER\Panasonic_LinkaPowerCP2_A2021055\Logical\Libraries\sys_lib\sys_lib.var
D:\Projekty BER\Panasonic_LinkaPowerCP2_A2021055\Logical\Libraries\SC\Types.typ
D:\Projekty BER\Panasonic_LinkaPowerCP2_A2021055\Logical\Libraries\SC\Constants.var
D:\Projekty BER\Panasonic_LinkaPowerCP2_A2021055\Logical\Libraries\SC\SC.fun
D:\Projekty BER\Panasonic_LinkaPowerCP2_A2021055\Logical\Libraries\AsZip\AsZip.fun
D:\Projekty BER\Panasonic_LinkaPowerCP2_A2021055\Logical\Libraries\AsZip\AsZip.typ
D:\Projekty BER\Panasonic_LinkaPowerCP2_A2021055\Logical\Libraries\AsZip\AsZip.var
D:\Projekty BER\Panasonic_LinkaPowerCP2_A2021055\Logical\Libraries\AsUSB\AsUSB.fun
D:\Projekty BER\Panasonic_LinkaPowerCP2_A2021055\Logical\Libraries\AsUSB\AsUSB.typ
D:\Projekty BER\Panasonic_LinkaPowerCP2_A2021055\Logical\Libraries\AsUSB\AsUSB.var
D:\Projekty BER\Panasonic_LinkaPowerCP2_A2021055\Logical\Libraries\dvframe\dvframe.fun
D:\Projekty BER\Panasonic_LinkaPowerCP2_A2021055\Logical\Libraries\dvframe\dvframe.typ
D:\Projekty BER\Panasonic_LinkaPowerCP2_A2021055\Logical\Libraries\dvframe\dvframe.var
D:\Projekty BER\Panasonic_LinkaPowerCP2_A2021055\Logical\Libraries\SKTcp\Types.typ
D:\Projekty BER\Panasonic_LinkaPowerCP2_A2021055\Logical\Libraries\SKTcp\Constants.var
D:\Projekty BER\Panasonic_LinkaPowerCP2_A2021055\Logical\Libraries\SKTcp\SKTcp.fun
D:\Projekty BER\Panasonic_LinkaPowerCP2_A2021055\Logical\Libraries\AsTCP\AsTCP.fun
D:\Projekty BER\Panasonic_LinkaPowerCP2_A2021055\Logical\Libraries\AsTCP\AsTCP.typ
D:\Projekty BER\Panasonic_LinkaPowerCP2_A2021055\Logical\Libraries\AsTCP\AsTCP.var
D:\Projekty BER\Panasonic_LinkaPowerCP2_A2021055\Logical\Libraries\asstring\asstring.fun
D:\Projekty BER\Panasonic_LinkaPowerCP2_A2021055\Logical\Libraries\asstring\asstring.typ
D:\Projekty BER\Panasonic_LinkaPowerCP2_A2021055\Logical\Libraries\asstring\asstring.var
D:\Projekty BER\Panasonic_LinkaPowerCP2_A2021055\Logical\Libraries\Banner\Types.typ
D:\Projekty BER\Panasonic_LinkaPowerCP2_A2021055\Logical\Libraries\Banner\Constants.var
D:\Projekty BER\Panasonic_LinkaPowerCP2_A2021055\Logical\Libraries\Banner\Banner.fun
D:\Projekty BER\Panasonic_LinkaPowerCP2_A2021055\Logical\Libraries\RFID\RFID.typ
D:\Projekty BER\Panasonic_LinkaPowerCP2_A2021055\Logical\Libraries\RFID\RFID.var
D:\Projekty BER\Panasonic_LinkaPowerCP2_A2021055\Logical\Libraries\RFID\RFID.fun
D:\Projekty BER\Panasonic_LinkaPowerCP2_A2021055\Logical\Libraries\RFID_Heads\Types.typ
D:\Projekty BER\Panasonic_LinkaPowerCP2_A2021055\Logical\Libraries\RFID_Heads\Constants.var
D:\Projekty BER\Panasonic_LinkaPowerCP2_A2021055\Logical\Libraries\RFID_Heads\RFID_Heads.fun
D:\Projekty BER\Panasonic_LinkaPowerCP2_A2021055\Logical\Libraries\AtlasCopco\Types.typ
D:\Projekty BER\Panasonic_LinkaPowerCP2_A2021055\Logical\Libraries\AtlasCopco\Constants.var
D:\Projekty BER\Panasonic_LinkaPowerCP2_A2021055\Logical\Libraries\AtlasCopco\AtlasCopco.fun
D:\Projekty BER\Panasonic_LinkaPowerCP2_A2021055\Logical\Libraries\MyConvert\Types.typ
D:\Projekty BER\Panasonic_LinkaPowerCP2_A2021055\Logical\Libraries\MyConvert\Constants.var
D:\Projekty BER\Panasonic_LinkaPowerCP2_A2021055\Logical\Libraries\MyConvert\MyConvert.fun
D:\Projekty BER\Panasonic_LinkaPowerCP2_A2021055\Logical\Libraries\SkrutSety\Types.typ
D:\Projekty BER\Panasonic_LinkaPowerCP2_A2021055\Logical\Libraries\SkrutSety\Constants.var
D:\Projekty BER\Panasonic_LinkaPowerCP2_A2021055\Logical\Libraries\SkrutSety\SkrutSety.fun
D:\Projekty BER\Panasonic_LinkaPowerCP2_A2021055\Logical\Libraries\RoCa_Festo\Types.typ
D:\Projekty BER\Panasonic_LinkaPowerCP2_A2021055\Logical\Libraries\RoCa_Festo\Constants.var
D:\Projekty BER\Panasonic_LinkaPowerCP2_A2021055\Logical\Libraries\RoCa_Festo\RoCa_Festo.fun
D:\Projekty BER\Panasonic_LinkaPowerCP2_A2021055\Logical\Libraries\MpAlarmX\MpAlarmX.typ
D:\Projekty BER\Panasonic_LinkaPowerCP2_A2021055\Logical\Libraries\MpAlarmX\MpAlarmXError.typ
D:\Projekty BER\Panasonic_LinkaPowerCP2_A2021055\Logical\Libraries\MpAlarmX\MpAlarmX.fun
D:\Projekty BER\Panasonic_LinkaPowerCP2_A2021055\Logical\Libraries\MpBase\MpBase.var
D:\Projekty BER\Panasonic_LinkaPowerCP2_A2021055\Logical\Libraries\MpBase\MpBase.typ
D:\Projekty BER\Panasonic_LinkaPowerCP2_A2021055\Logical\Libraries\MpBase\MpBase.fun
D:\Projekty BER\Panasonic_LinkaPowerCP2_A2021055\Logical\Libraries\MpRecipe\MpRecipe.typ
D:\Projekty BER\Panasonic_LinkaPowerCP2_A2021055\Logical\Libraries\MpRecipe\MpRecipeAlarm.typ
D:\Projekty BER\Panasonic_LinkaPowerCP2_A2021055\Logical\Libraries\MpRecipe\MpRecipeError.typ
D:\Projekty BER\Panasonic_LinkaPowerCP2_A2021055\Logical\Libraries\MpRecipe\MpRecipe.fun
D:\Projekty BER\Panasonic_LinkaPowerCP2_A2021055\Logical\Libraries\CoTrace\CoTrace.fun
D:\Projekty BER\Panasonic_LinkaPowerCP2_A2021055\Logical\Libraries\CoTrace\CoTrace.typ
D:\Projekty BER\Panasonic_LinkaPowerCP2_A2021055\Logical\Libraries\CoTrace\CoTrace.var
D:\Projekty BER\Panasonic_LinkaPowerCP2_A2021055\Logical\Libraries\MpServer\Constants.var
D:\Projekty BER\Panasonic_LinkaPowerCP2_A2021055\Logical\Libraries\MpServer\Types.typ
D:\Projekty BER\Panasonic_LinkaPowerCP2_A2021055\Logical\Libraries\MpServer\MpServer.fun
D:\Projekty BER\Panasonic_LinkaPowerCP2_A2021055\Logical\Libraries\Statistika\Types.typ
D:\Projekty BER\Panasonic_LinkaPowerCP2_A2021055\Logical\Libraries\Statistika\Constants.var
D:\Projekty BER\Panasonic_LinkaPowerCP2_A2021055\Logical\Libraries\Statistika\Statistika.fun
D:\Projekty BER\Panasonic_LinkaPowerCP2_A2021055\Logical\Libraries\ScrewLoad\Types.typ
D:\Projekty BER\Panasonic_LinkaPowerCP2_A2021055\Logical\Libraries\ScrewLoad\Constants.var
D:\Projekty BER\Panasonic_LinkaPowerCP2_A2021055\Logical\Libraries\ScrewLoad\ScrewLoad.fun
D:\Projekty BER\Panasonic_LinkaPowerCP2_A2021055\Logical\Alarmy\AlarmyGlobal.typ
D:\Projekty BER\Panasonic_LinkaPowerCP2_A2021055\Logical\Alarmy\AlarmyGlobal.var
D:\Projekty BER\Panasonic_LinkaPowerCP2_A2021055\Logical\Uzivatelia\UsersGlobal.typ
D:\Projekty BER\Panasonic_LinkaPowerCP2_A2021055\Logical\Uzivatelia\UsersGlobal.var
D:\Projekty BER\Panasonic_LinkaPowerCP2_A2021055\Logical\DatumCasPLC\DatumCasGlobal.var
D:\Projekty BER\Panasonic_LinkaPowerCP2_A2021055\Logical\DatumCasPLC\DatumCasGlobal.typ
